../Display/display.c:48:6:Display_TC_Callback	4	static,ignoring_inline_asm
../Display/display.c:112:13:LCD_SetCS	0	static
../Display/display.c:117:13:LCD_ResCS	0	static
../Display/display.c:122:13:LCD_SetDC	0	static
../Display/display.c:127:13:LCD_ResDC	0	static
../Display/display.c:151:6:LCD_HardWareReset	8	static
../Display/display.c:162:6:LCD_String_Interpretator	24	static,ignoring_inline_asm
../Display/display.c:639:6:LCD_DrawPixel.part.0	16	static,ignoring_inline_asm
../Display/display.c:213:14:LCD_DisplayAdd	48	static,ignoring_inline_asm
../Display/display.c:334:6:LCD_Delete	0	static
../Display/display.c:350:6:LCD_Init	8	static
../Display/display.c:358:16:LCD_GetBackLight	0	static
../Display/display.c:364:17:LCD_GetWidth	0	static
../Display/display.c:370:17:LCD_GetHeight	0	static
../Display/display.c:377:18:LCD_GetState	0	static
../Display/display.c:386:6:LCD_SetBackLight	4	static
../Display/display.c:433:6:LCD_SleepIn	8	static
../Display/display.c:465:6:LCD_SleepOut	8	static
../Display/display.c:475:6:LCD_SetActiveWindow	8	static
../Display/display.c:481:6:LCD_WriteData	8	static,ignoring_inline_asm
../Display/display.c:516:6:LCD_WriteDataDMA	16	static,ignoring_inline_asm
../Display/display.c:561:6:LCD_FillWindow	24	static
../Display/display.c:633:6:LCD_Fill	16	static
../Display/display.c:639:6:LCD_DrawPixel	12	static
../Display/display.c:651:6:LCD_DrawLine	48	static
../Display/display.c:714:6:LCD_DrawRectangle	40	static
../Display/display.c:723:6:LCD_DrawFilledRectangle	8	static
../Display/display.c:736:6:LCD_DrawTriangle	48	static
../Display/display.c:784:6:LCD_DrawFilledTriangle	128	static
../Display/display.c:835:6:LCD_DrawCircle	64	static
../Display/display.c:871:6:LCD_DrawFilledCircle	64	static
../Display/display.c:906:6:LCD_DrawImage	24	static
../Display/display.c:926:6:LCD_WriteChar	64	static
../Display/display.c:1002:6:LCD_WriteString	56	static
../Display/display.c:1020:17:LCD_Color	4	static
../Display/display.c:1029:17:LCD_Color_24b_to_16b	0	static
