../Drivers/STM32F1xx_HAL_Driver/Src/stm32f1xx_ll_tim.c:168:13:LL_TIM_DeInit	0	static
../Drivers/STM32F1xx_HAL_Driver/Src/stm32f1xx_ll_tim.c:306:6:LL_TIM_StructInit	0	static
../Drivers/STM32F1xx_HAL_Driver/Src/stm32f1xx_ll_tim.c:325:13:LL_TIM_Init	8	static
../Drivers/STM32F1xx_HAL_Driver/Src/stm32f1xx_ll_tim.c:377:6:LL_TIM_OC_StructInit	0	static
../Drivers/STM32F1xx_HAL_Driver/Src/stm32f1xx_ll_tim.c:404:13:LL_TIM_OC_Init	8	static
../Drivers/STM32F1xx_HAL_Driver/Src/stm32f1xx_ll_tim.c:436:6:LL_TIM_IC_StructInit	0	static
../Drivers/STM32F1xx_HAL_Driver/Src/stm32f1xx_ll_tim.c:459:13:LL_TIM_IC_Init	4	static
../Drivers/STM32F1xx_HAL_Driver/Src/stm32f1xx_ll_tim.c:490:6:LL_TIM_ENCODER_StructInit	0	static
../Drivers/STM32F1xx_HAL_Driver/Src/stm32f1xx_ll_tim.c:513:13:LL_TIM_ENCODER_Init	12	static
../Drivers/STM32F1xx_HAL_Driver/Src/stm32f1xx_ll_tim.c:576:6:LL_TIM_HALLSENSOR_StructInit	0	static
../Drivers/STM32F1xx_HAL_Driver/Src/stm32f1xx_ll_tim.c:604:13:LL_TIM_HALLSENSOR_Init	12	static
../Drivers/STM32F1xx_HAL_Driver/Src/stm32f1xx_ll_tim.c:683:6:LL_TIM_BDTR_StructInit	0	static
../Drivers/STM32F1xx_HAL_Driver/Src/stm32f1xx_ll_tim.c:709:13:LL_TIM_BDTR_Init	4	static
