../Drivers/STM32F1xx_HAL_Driver/Src/stm32f1xx_ll_utils.c:681:20:UTILS_EnablePLLAndSwitchSystem	16	static
../Drivers/STM32F1xx_HAL_Driver/Src/stm32f1xx_ll_utils.c:196:6:LL_Init1msTick	8	static
../Drivers/STM32F1xx_HAL_Driver/Src/stm32f1xx_ll_utils.c:212:6:LL_mDelay	8	static
../Drivers/STM32F1xx_HAL_Driver/Src/stm32f1xx_ll_utils.c:270:6:LL_SetSystemCoreClock	0	static
../Drivers/STM32F1xx_HAL_Driver/Src/stm32f1xx_ll_utils.c:285:13:LL_SetFlashLatency	0	static
../Drivers/STM32F1xx_HAL_Driver/Src/stm32f1xx_ll_utils.c:365:13:LL_PLL_ConfigSystemClock_HSI	8	static
../Drivers/STM32F1xx_HAL_Driver/Src/stm32f1xx_ll_utils.c:430:13:LL_PLL_ConfigSystemClock_HSE	16	static
